// Bun Snapshot v1, https://goo.gl/fbAQLP

exports[`Unit/methods/initialize Default: issuer 1`] = `
Issuer {
  "Client": [class Client],
  "FAPI1Client": [class FAPI1Client],
  "authorization_endpoint": [native code],
  "claim_types_supported": [native code],
  "claims_parameter_supported": [native code],
  "claims_supported": [native code],
  "code_challenge_methods_supported": [native code],
  "device_authorization_endpoint": [native code],
  "dpop_signing_alg_values_supported": [native code],
  "end_session_endpoint": [native code],
  "grant_types_supported": [native code],
  "id_token_signing_alg_values_supported": [native code],
  "introspection_endpoint": [native code],
  "introspection_endpoint_auth_methods_supported": [native code],
  "issuer": [native code],
  "jwks_uri": [native code],
  "registration_endpoint": [native code],
  "request_object_signing_alg_values_supported": [native code],
  "request_parameter_supported": [native code],
  "request_uri_parameter_supported": [native code],
  "require_request_uri_registration": [native code],
  "response_modes_supported": [native code],
  "response_types_supported": [native code],
  "revocation_endpoint": [native code],
  "revocation_endpoint_auth_methods_supported": [native code],
  "scopes_supported": [native code],
  "subject_types_supported": [native code],
  "token_endpoint": [native code],
  "token_endpoint_auth_methods_supported": [native code],
  "userinfo_endpoint": [native code],
}
`;

exports[`Unit/methods/initialize Default: issuerMetadata 1`] = `
{
  "authorization_endpoint": "http://localhost:57829/oauth2/authorize",
  "claim_types_supported": [
    "normal",
  ],
  "claims_parameter_supported": false,
  "claims_supported": [
    "iss",
    "ver",
    "sub",
    "aud",
    "iat",
    "exp",
    "jti",
    "auth_time",
    "amr",
    "idp",
    "nonce",
    "name",
    "nickname",
    "preferred_username",
    "given_name",
    "middle_name",
    "family_name",
    "email",
    "email_verified",
    "profile",
    "zoneinfo",
    "locale",
    "address",
    "phone_number",
    "picture",
    "website",
    "gender",
    "birthdate",
    "updated_at",
    "at_hash",
    "c_hash",
  ],
  "code_challenge_methods_supported": [
    "S256",
  ],
  "device_authorization_endpoint": "http://localhost:57829/oauth2/device/authorize",
  "dpop_signing_alg_values_supported": [
    "RS256",
    "RS384",
    "RS512",
    "ES256",
    "ES384",
    "ES512",
  ],
  "end_session_endpoint": "http://localhost:57829/oauth2/logout",
  "grant_types_supported": [
    "authorization_code",
    "refresh_token",
  ],
  "id_token_signing_alg_values_supported": [
    "RS256",
  ],
  "introspection_endpoint": "http://localhost:57829/oauth2/introspect",
  "introspection_endpoint_auth_methods_supported": [
    "client_secret_basic",
    "client_secret_post",
    "client_secret_jwt",
    "private_key_jwt",
    "none",
  ],
  "issuer": "http://localhost:57829",
  "jwks_uri": "http://localhost:57829/oauth2/keys",
  "registration_endpoint": "http://localhost:57829/oauth2/clients",
  "request_object_signing_alg_values_supported": [
    "HS256",
    "HS384",
    "HS512",
    "RS256",
    "RS384",
    "RS512",
    "ES256",
    "ES384",
    "ES512",
  ],
  "request_parameter_supported": true,
  "request_uri_parameter_supported": true,
  "require_request_uri_registration": false,
  "response_modes_supported": [
    "query",
  ],
  "response_types_supported": [
    "code",
  ],
  "revocation_endpoint": "http://localhost:57829/oauth2/revoke",
  "revocation_endpoint_auth_methods_supported": [
    "client_secret_basic",
    "client_secret_post",
    "client_secret_jwt",
    "private_key_jwt",
    "none",
  ],
  "scopes_supported": [
    "openid",
    "email",
    "profile",
    "address",
    "phone",
    "offline_access",
    "groups",
  ],
  "subject_types_supported": [
    "public",
  ],
  "token_endpoint": "http://localhost:57829/oauth2/token",
  "token_endpoint_auth_methods_supported": [
    "client_secret_post",
    "none",
  ],
  "userinfo_endpoint": "http://localhost:57829/oauth2/userinfo",
}
`;

exports[`Unit/methods/initialize Default: client 1`] = `
Client {
  "authorization_signed_response_alg": [native code],
  "client_id": [native code],
  "client_secret": [native code],
  "grant_types": [native code],
  "id_token_signed_response_alg": [native code],
  "introspection_endpoint_auth_method": [native code],
  "redirect_uris": [native code],
  "response_types": [native code],
  "revocation_endpoint_auth_method": [native code],
  "token_endpoint_auth_method": [native code],
}
`;

exports[`Unit/methods/initialize Default: clients 1`] = `
Client {
  "authorization_signed_response_alg": [native code],
  "client_id": [native code],
  "client_secret": [native code],
  "grant_types": [native code],
  "id_token_signed_response_alg": [native code],
  "introspection_endpoint_auth_method": [native code],
  "redirect_uris": [native code],
  "response_types": [native code],
  "revocation_endpoint_auth_method": [native code],
  "token_endpoint_auth_method": [native code],
}
`;
